=== Phase A.1 PSO cache A/B start Wed May  6 18:13:47 WEST 2026 ===

[A.1] Cache size BEFORE clear:
155M	/var/folders/c2/pwjb45v12rl4tf2k56vvh_300000gn/C/org.python.python/com.apple.metal
  0B	/var/folders/c2/pwjb45v12rl4tf2k56vvh_300000gn/C/org.python.python/com.apple.metalfe
[A.1] Clearing /var/folders/c2/pwjb45v12rl4tf2k56vvh_300000gn/C/org.python.python/com.apple.metal ...
[A.1] Clearing /var/folders/c2/pwjb45v12rl4tf2k56vvh_300000gn/C/org.python.python/com.apple.metalfe ...
[A.1] Cache size AFTER clear:
  0B	/var/folders/c2/pwjb45v12rl4tf2k56vvh_300000gn/C/org.python.python/com.apple.metal
  0B	/var/folders/c2/pwjb45v12rl4tf2k56vvh_300000gn/C/org.python.python/com.apple.metalfe

[A.1] 180s initial cooldown ...

=== A.1 COLD BENCH (cleared cache) ===
[A.1] cold SeedVR2-small ...
SeedVR2-small      mode=legacy  v6=  182.18ms sdpa=  191.96ms ratio=0.949x rmse=1.75e-06
[A.1] cold CogVideoX ...
CogVideoX          mode=legacy  v6= 2370.46ms sdpa= 2183.99ms ratio=1.085x rmse=1.11e-06
[A.1] cold SeedVR2-large ...
SeedVR2-large      mode=legacy  v6= 3886.55ms sdpa= 3781.34ms ratio=1.028x rmse=8.98e-07

[A.1] Cache size AFTER cold bench:
232K	/var/folders/c2/pwjb45v12rl4tf2k56vvh_300000gn/C/org.python.python/com.apple.metal
  0B	/var/folders/c2/pwjb45v12rl4tf2k56vvh_300000gn/C/org.python.python/com.apple.metalfe

[A.1] 30s cooldown before warm bench ...

=== A.1 WARM BENCH (cache populated by cold pass) ===
[A.1] warm SeedVR2-small ...
SeedVR2-small      mode=legacy  v6=  183.25ms sdpa=  192.05ms ratio=0.954x rmse=1.75e-06
[A.1] warm CogVideoX ...
CogVideoX          mode=legacy  v6= 2332.98ms sdpa= 2189.70ms ratio=1.065x rmse=1.11e-06
[A.1] warm SeedVR2-large ...
SeedVR2-large      mode=legacy  v6= 3908.17ms sdpa= 3777.79ms ratio=1.035x rmse=8.98e-07

=== Phase A.1 done Wed May  6 18:36:30 WEST 2026 ===
